danlo@DESKTOP-AIVCUFK MINGW64 /
$ cd /c/Users/danlo/OneDrive/Documents/CSSTP

danlo@DESKTOP-AIVCUFK MINGW64 ~/OneDrive/Documents/CSSTP
$ cd Computational-Social-Science-Projects/Project\ 1/

danlo@DESKTOP-AIVCUFK MINGW64 ~/OneDrive/Documents/CSSTP/Computational-Social-Science-Projects/Project 1 (main)
$ git clone https://github.com/cmcrawford4792/Github-Collaboration-Practice.git
Cloning into 'Github-Collaboration-Practice'...
remote: Enumerating objects: 6, done.
remote: Counting objects: 100% (6/6), done.
remote: Compressing objects: 100% (3/3), done.
remote: Total 6 (delta 0), reused 3 (delta 0), pack-reused 0
Receiving objects: 100% (6/6), done.

danlo@DESKTOP-AIVCUFK MINGW64 ~/OneDrive/Documents/CSSTP/Computational-Social-Science-Projects/Project 1 (main)
$ git checkout -b <new-branch>
bash: syntax error near unexpected token `newline'

danlo@DESKTOP-AIVCUFK MINGW64 ~/OneDrive/Documents/CSSTP/Computational-Social-Science-Projects/Project 1 (main)
$ git checkout -b (new_branch)
bash: syntax error near unexpected token `('

danlo@DESKTOP-AIVCUFK MINGW64 ~/OneDrive/Documents/CSSTP/Computational-Social-Science-Projects/Project 1 (main)
$ git checkout -b new_branch
Switched to a new branch 'new_branch'

danlo@DESKTOP-AIVCUFK MINGW64 ~/OneDrive/Documents/CSSTP/Computational-Social-Science-Projects/Project 1 (new_branch)
$ vim README.md

danlo@DESKTOP-AIVCUFK MINGW64 ~/OneDrive/Documents/CSSTP/Computational-Social-Science-Projects/Project 1 (new_branch)
$ ^C

danlo@DESKTOP-AIVCUFK MINGW64 ~/OneDrive/Documents/CSSTP/Computational-Social-Science-Projects/Project 1 (new_branch)
$ touch Text_Daniel.txt

danlo@DESKTOP-AIVCUFK MINGW64 ~/OneDrive/Documents/CSSTP/Computational-Social-Science-Projects/Project 1 (new_branch)
$ vim Text_Daniel.txt

git add Text_Daniel.txt

git commit -m "I have made changes to this .txt file."

git push
